{"level":"info","message":"Khởi tạo ứng dụng...","timestamp":"2026-05-10T04:56:19.357Z"}
{"context":"NestFactory","level":"info","message":"Starting Nest application...","timestamp":"2026-05-10T04:56:19.455Z"}
{"context":"InstanceLoader","level":"info","message":"PassportModule dependencies initialized","timestamp":"2026-05-10T04:56:19.463Z"}
{"context":"InstanceLoader","level":"info","message":"ConfigHostModule dependencies initialized","timestamp":"2026-05-10T04:56:19.464Z"}
{"context":"InstanceLoader","level":"info","message":"AppModule dependencies initialized","timestamp":"2026-05-10T04:56:19.464Z"}
{"context":"PrismaService","level":"info","message":"🔌 Prisma Connection String: postgresql://admin:******@localhost:5433/kyc_asset_db?schema=public","timestamp":"2026-05-10T04:56:19.467Z"}
{"context":"InstanceLoader","level":"info","message":"PortsModule dependencies initialized","timestamp":"2026-05-10T04:56:19.467Z"}
{"context":"InstanceLoader","level":"info","message":"FilesModule dependencies initialized","timestamp":"2026-05-10T04:56:19.467Z"}
{"context":"InstanceLoader","level":"info","message":"ConfigModule dependencies initialized","timestamp":"2026-05-10T04:56:19.467Z"}
{"context":"InstanceLoader","level":"info","message":"CommonModule dependencies initialized","timestamp":"2026-05-10T04:56:19.467Z"}
{"context":"InstanceLoader","level":"info","message":"JwtModule dependencies initialized","timestamp":"2026-05-10T04:56:19.468Z"}
{"context":"InstanceLoader","level":"info","message":"PrismaModule dependencies initialized","timestamp":"2026-05-10T04:56:19.468Z"}
{"context":"InstanceLoader","level":"info","message":"WhitelistIpModule dependencies initialized","timestamp":"2026-05-10T04:56:19.469Z"}
{"context":"InstanceLoader","level":"info","message":"AttributeModule dependencies initialized","timestamp":"2026-05-10T04:56:19.470Z"}
{"context":"InstanceLoader","level":"info","message":"DepartmentsModule dependencies initialized","timestamp":"2026-05-10T04:56:19.470Z"}
{"context":"InstanceLoader","level":"info","message":"UsersModule dependencies initialized","timestamp":"2026-05-10T04:56:19.470Z"}
{"context":"InstanceLoader","level":"info","message":"RolesModule dependencies initialized","timestamp":"2026-05-10T04:56:19.470Z"}
{"context":"InstanceLoader","level":"info","message":"PermissionsModule dependencies initialized","timestamp":"2026-05-10T04:56:19.470Z"}
{"context":"InstanceLoader","level":"info","message":"AuthModule dependencies initialized","timestamp":"2026-05-10T04:56:19.470Z"}
{"context":"LegacyRouteConverter","level":"warn","message":"Unsupported route path: \"/api/v1/*\". In previous versions, the symbols ?, *, and + were used to denote optional or repeating path parameters. The latest version of \"path-to-regexp\" now requires the use of named parameters. For example, instead of using a route like /users/* to capture all routes starting with \"/users\", you should use /users/*path. For more details, refer to the migration guide. Attempting to auto-convert...","timestamp":"2026-05-10T04:56:19.494Z"}
{"context":"RoutesResolver","level":"info","message":"AppController {/api/v1/ping}:","timestamp":"2026-05-10T04:56:19.494Z"}
{"context":"RouterExplorer","level":"info","message":"Mapped {/api/v1/ping, GET} route","timestamp":"2026-05-10T04:56:19.495Z"}
{"context":"RoutesResolver","level":"info","message":"UsersController {/api/v1/users}:","timestamp":"2026-05-10T04:56:19.496Z"}
{"context":"RouterExplorer","level":"info","message":"Mapped {/api/v1/users, POST} route","timestamp":"2026-05-10T04:56:19.496Z"}
{"context":"RouterExplorer","level":"info","message":"Mapped {/api/v1/users, GET} route","timestamp":"2026-05-10T04:56:19.496Z"}
{"context":"RouterExplorer","level":"info","message":"Mapped {/api/v1/users/:id, GET} route","timestamp":"2026-05-10T04:56:19.497Z"}
{"context":"RouterExplorer","level":"info","message":"Mapped {/api/v1/users/:id, PATCH} route","timestamp":"2026-05-10T04:56:19.497Z"}
{"context":"RouterExplorer","level":"info","message":"Mapped {/api/v1/users/:id, DELETE} route","timestamp":"2026-05-10T04:56:19.497Z"}
{"context":"RoutesResolver","level":"info","message":"WhitelistIpController {/api/v1/whitelist-ip}:","timestamp":"2026-05-10T04:56:19.497Z"}
{"context":"RouterExplorer","level":"info","message":"Mapped {/api/v1/whitelist-ip, POST} route","timestamp":"2026-05-10T04:56:19.497Z"}
{"context":"RouterExplorer","level":"info","message":"Mapped {/api/v1/whitelist-ip, GET} route","timestamp":"2026-05-10T04:56:19.497Z"}
{"context":"RouterExplorer","level":"info","message":"Mapped {/api/v1/whitelist-ip/:id, GET} route","timestamp":"2026-05-10T04:56:19.498Z"}
{"context":"RouterExplorer","level":"info","message":"Mapped {/api/v1/whitelist-ip/:id, PATCH} route","timestamp":"2026-05-10T04:56:19.498Z"}
{"context":"RouterExplorer","level":"info","message":"Mapped {/api/v1/whitelist-ip/:id, DELETE} route","timestamp":"2026-05-10T04:56:19.498Z"}
{"context":"RoutesResolver","level":"info","message":"RolesController {/api/v1/roles}:","timestamp":"2026-05-10T04:56:19.498Z"}
{"context":"RouterExplorer","level":"info","message":"Mapped {/api/v1/roles, POST} route","timestamp":"2026-05-10T04:56:19.498Z"}
{"context":"RouterExplorer","level":"info","message":"Mapped {/api/v1/roles, GET} route","timestamp":"2026-05-10T04:56:19.499Z"}
{"context":"RouterExplorer","level":"info","message":"Mapped {/api/v1/roles/:id, GET} route","timestamp":"2026-05-10T04:56:19.499Z"}
{"context":"RouterExplorer","level":"info","message":"Mapped {/api/v1/roles/:id, PATCH} route","timestamp":"2026-05-10T04:56:19.499Z"}
{"context":"RouterExplorer","level":"info","message":"Mapped {/api/v1/roles/:id, DELETE} route","timestamp":"2026-05-10T04:56:19.499Z"}
{"context":"RoutesResolver","level":"info","message":"PermissionsController {/api/v1/permissions}:","timestamp":"2026-05-10T04:56:19.499Z"}
{"context":"RouterExplorer","level":"info","message":"Mapped {/api/v1/permissions, POST} route","timestamp":"2026-05-10T04:56:19.500Z"}
{"context":"RouterExplorer","level":"info","message":"Mapped {/api/v1/permissions, GET} route","timestamp":"2026-05-10T04:56:19.500Z"}
{"context":"RouterExplorer","level":"info","message":"Mapped {/api/v1/permissions/:id, PATCH} route","timestamp":"2026-05-10T04:56:19.500Z"}
{"context":"RouterExplorer","level":"info","message":"Mapped {/api/v1/permissions/:id, DELETE} route","timestamp":"2026-05-10T04:56:19.500Z"}
{"context":"RoutesResolver","level":"info","message":"AuthController {/api/v1/auth}:","timestamp":"2026-05-10T04:56:19.500Z"}
{"context":"RouterExplorer","level":"info","message":"Mapped {/api/v1/auth/register, POST} route","timestamp":"2026-05-10T04:56:19.500Z"}
{"context":"RouterExplorer","level":"info","message":"Mapped {/api/v1/auth/login, POST} route","timestamp":"2026-05-10T04:56:19.501Z"}
{"context":"RouterExplorer","level":"info","message":"Mapped {/api/v1/auth/refresh, POST} route","timestamp":"2026-05-10T04:56:19.501Z"}
{"context":"RouterExplorer","level":"info","message":"Mapped {/api/v1/auth/logout, POST} route","timestamp":"2026-05-10T04:56:19.501Z"}
{"context":"RouterExplorer","level":"info","message":"Mapped {/api/v1/auth/me, GET} route","timestamp":"2026-05-10T04:56:19.501Z"}
{"context":"RouterExplorer","level":"info","message":"Mapped {/api/v1/auth/me/password, PATCH} route","timestamp":"2026-05-10T04:56:19.501Z"}
{"context":"RoutesResolver","level":"info","message":"AttributeController {/api/v1/attribute}:","timestamp":"2026-05-10T04:56:19.501Z"}
{"context":"RouterExplorer","level":"info","message":"Mapped {/api/v1/attribute, POST} route","timestamp":"2026-05-10T04:56:19.502Z"}
{"context":"RouterExplorer","level":"info","message":"Mapped {/api/v1/attribute, GET} route","timestamp":"2026-05-10T04:56:19.502Z"}
{"context":"RouterExplorer","level":"info","message":"Mapped {/api/v1/attribute/:id, GET} route","timestamp":"2026-05-10T04:56:19.502Z"}
{"context":"RouterExplorer","level":"info","message":"Mapped {/api/v1/attribute/:id, PATCH} route","timestamp":"2026-05-10T04:56:19.502Z"}
{"context":"RouterExplorer","level":"info","message":"Mapped {/api/v1/attribute/:id, DELETE} route","timestamp":"2026-05-10T04:56:19.502Z"}
{"context":"RoutesResolver","level":"info","message":"DepartmentsController {/api/v1/departments}:","timestamp":"2026-05-10T04:56:19.502Z"}
{"context":"RouterExplorer","level":"info","message":"Mapped {/api/v1/departments, POST} route","timestamp":"2026-05-10T04:56:19.502Z"}
{"context":"RouterExplorer","level":"info","message":"Mapped {/api/v1/departments, GET} route","timestamp":"2026-05-10T04:56:19.503Z"}
{"context":"RouterExplorer","level":"info","message":"Mapped {/api/v1/departments/:id, GET} route","timestamp":"2026-05-10T04:56:19.503Z"}
{"context":"RouterExplorer","level":"info","message":"Mapped {/api/v1/departments/:id, PATCH} route","timestamp":"2026-05-10T04:56:19.503Z"}
{"context":"RouterExplorer","level":"info","message":"Mapped {/api/v1/departments/:id, DELETE} route","timestamp":"2026-05-10T04:56:19.503Z"}
{"context":"RoutesResolver","level":"info","message":"PortsController {/api/v1/ports}:","timestamp":"2026-05-10T04:56:19.503Z"}
{"context":"RouterExplorer","level":"info","message":"Mapped {/api/v1/ports, POST} route","timestamp":"2026-05-10T04:56:19.503Z"}
{"context":"RouterExplorer","level":"info","message":"Mapped {/api/v1/ports, GET} route","timestamp":"2026-05-10T04:56:19.503Z"}
{"context":"RouterExplorer","level":"info","message":"Mapped {/api/v1/ports/:id, GET} route","timestamp":"2026-05-10T04:56:19.504Z"}
{"context":"RouterExplorer","level":"info","message":"Mapped {/api/v1/ports/:id, PATCH} route","timestamp":"2026-05-10T04:56:19.504Z"}
{"context":"RouterExplorer","level":"info","message":"Mapped {/api/v1/ports/:id, DELETE} route","timestamp":"2026-05-10T04:56:19.504Z"}
{"context":"RoutesResolver","level":"info","message":"FilesController {/api/v1/files}:","timestamp":"2026-05-10T04:56:19.504Z"}
{"context":"RouterExplorer","level":"info","message":"Mapped {/api/v1/files, POST} route","timestamp":"2026-05-10T04:56:19.505Z"}
{"context":"RouterExplorer","level":"info","message":"Mapped {/api/v1/files, GET} route","timestamp":"2026-05-10T04:56:19.505Z"}
{"context":"RouterExplorer","level":"info","message":"Mapped {/api/v1/files/:id, GET} route","timestamp":"2026-05-10T04:56:19.505Z"}
{"context":"RouterExplorer","level":"info","message":"Mapped {/api/v1/files/:id, PATCH} route","timestamp":"2026-05-10T04:56:19.505Z"}
{"context":"RouterExplorer","level":"info","message":"Mapped {/api/v1/files/:id, DELETE} route","timestamp":"2026-05-10T04:56:19.505Z"}
{"context":"PrismaService","level":"info","message":"Kết nối database thành công","timestamp":"2026-05-10T04:56:19.548Z"}
{"context":"NestApplication","level":"info","message":"Nest application successfully started","timestamp":"2026-05-10T04:56:19.552Z"}
{"context":"NestApplication","level":"error","message":"Error: listen EADDRINUSE: address already in use :::3000","stack":[null],"timestamp":"2026-05-10T04:56:19.554Z"}
{"level":"error","message":"Khởi tạo ứng dụng thất bại","stack":["Error: listen EADDRINUSE: address already in use :::3000\n    at Server.setupListenHandle [as _listen2] (node:net:2016:16)\n    at listenInCluster (node:net:2073:12)\n    at Server.listen (node:net:2178:7)\n    at ExpressAdapter.listen (C:\\Users\\ATT\\Documents\\Workspace\\ATT\\KYC Asset for ATTPAY\\backend\\be-kyc-asset\\node_modules\\@nestjs\\platform-express\\adapters\\express-adapter.js:115:32)\n    at C:\\Users\\ATT\\Documents\\Workspace\\ATT\\KYC Asset for ATTPAY\\backend\\be-kyc-asset\\node_modules\\@nestjs\\core\\nest-application.js:188:30\n    at new Promise (<anonymous>)\n    at NestApplication.listen (C:\\Users\\ATT\\Documents\\Workspace\\ATT\\KYC Asset for ATTPAY\\backend\\be-kyc-asset\\node_modules\\@nestjs\\core\\nest-application.js:178:16)\n    at process.processTicksAndRejections (node:internal/process/task_queues:104:5)\n    at async bootstrap (C:\\Users\\ATT\\Documents\\Workspace\\ATT\\KYC Asset for ATTPAY\\backend\\be-kyc-asset\\src\\main.ts:39:5)"],"timestamp":"2026-05-10T04:56:19.556Z"}
